A test binary

[33mUSAGE:[0m
    test [flags] [command]

[33mSUBCOMMANDS:[0m
    [32mserver[0m    Do something with a test server

[33mFLAGS:[0m
    [32m-h[0m, [32m--help[0m        Print help information
    [32m-V[0m, [32m--version[0m     Print version information

Use "test [command] --help" for more information about a command.
